// Jest Snapshot v1, https://goo.gl/fbAQLP

exports[`ComicsList should render 2 ComicsListItem correctly 1`] = `
<Row
  noGutters={false}
>
  <Col
    className="ComicsList__col"
    key="0"
    xs={12}
  >
    <ComicsListItem
      comic={
        Object {
          "name": "test comic 1",
        }
      }
    />
  </Col>
  <Col
    className="ComicsList__col"
    key="1"
    xs={12}
  >
    <ComicsListItem
      comic={
        Object {
          "name": "test comic 2",
        }
      }
    />
  </Col>
</Row>
`;
